Archive member included to satisfy reference by file (symbol)

/usr/lib/gcc/arm-none-eabi/9.2.1/thumb/v7e-m/nofp/libgcc.a(_arm_mulsf3.o)
                              system_msp432p401r.o (__aeabi_fmul)
/usr/lib/gcc/arm-none-eabi/9.2.1/thumb/v7e-m/nofp/libgcc.a(_arm_addsubsf3.o)
                              system_msp432p401r.o (__aeabi_fsub)
/usr/lib/gcc/arm-none-eabi/9.2.1/thumb/v7e-m/nofp/libgcc.a(_arm_muldivsf3.o)
                              system_msp432p401r.o (__aeabi_fdiv)
/usr/lib/gcc/arm-none-eabi/9.2.1/thumb/v7e-m/nofp/libgcc.a(_arm_fixunssfsi.o)
                              system_msp432p401r.o (__aeabi_f2uiz)
/usr/lib/gcc/arm-none-eabi/9.2.1/../../../arm-none-eabi/lib/thumb/v7e-m/nofp/libg.a(lib_a-atexit.o)
                              /usr/lib/gcc/arm-none-eabi/9.2.1/../../../arm-none-eabi/lib/thumb/v7e-m/nofp/crt0.o (atexit)
/usr/lib/gcc/arm-none-eabi/9.2.1/../../../arm-none-eabi/lib/thumb/v7e-m/nofp/libg.a(lib_a-exit.o)
                              /usr/lib/gcc/arm-none-eabi/9.2.1/../../../arm-none-eabi/lib/thumb/v7e-m/nofp/crt0.o (exit)
/usr/lib/gcc/arm-none-eabi/9.2.1/../../../arm-none-eabi/lib/thumb/v7e-m/nofp/libg.a(lib_a-fini.o)
                              /usr/lib/gcc/arm-none-eabi/9.2.1/../../../arm-none-eabi/lib/thumb/v7e-m/nofp/crt0.o (__libc_fini_array)
/usr/lib/gcc/arm-none-eabi/9.2.1/../../../arm-none-eabi/lib/thumb/v7e-m/nofp/libg.a(lib_a-impure.o)
                              /usr/lib/gcc/arm-none-eabi/9.2.1/../../../arm-none-eabi/lib/thumb/v7e-m/nofp/libg.a(lib_a-exit.o) (_global_impure_ptr)
/usr/lib/gcc/arm-none-eabi/9.2.1/../../../arm-none-eabi/lib/thumb/v7e-m/nofp/libg.a(lib_a-init.o)
                              /usr/lib/gcc/arm-none-eabi/9.2.1/../../../arm-none-eabi/lib/thumb/v7e-m/nofp/crt0.o (__libc_init_array)
/usr/lib/gcc/arm-none-eabi/9.2.1/../../../arm-none-eabi/lib/thumb/v7e-m/nofp/libg.a(lib_a-memset.o)
                              /usr/lib/gcc/arm-none-eabi/9.2.1/../../../arm-none-eabi/lib/thumb/v7e-m/nofp/crt0.o (memset)
/usr/lib/gcc/arm-none-eabi/9.2.1/../../../arm-none-eabi/lib/thumb/v7e-m/nofp/libg.a(lib_a-__atexit.o)
                              /usr/lib/gcc/arm-none-eabi/9.2.1/../../../arm-none-eabi/lib/thumb/v7e-m/nofp/libg.a(lib_a-atexit.o) (__register_exitproc)
/usr/lib/gcc/arm-none-eabi/9.2.1/../../../arm-none-eabi/lib/thumb/v7e-m/nofp/libg.a(lib_a-__call_atexit.o)
                              /usr/lib/gcc/arm-none-eabi/9.2.1/../../../arm-none-eabi/lib/thumb/v7e-m/nofp/libg.a(lib_a-exit.o) (__call_exitprocs)
/usr/lib/gcc/arm-none-eabi/9.2.1/../../../arm-none-eabi/lib/thumb/v7e-m/nofp/libnosys.a(_exit.o)
                              /usr/lib/gcc/arm-none-eabi/9.2.1/../../../arm-none-eabi/lib/thumb/v7e-m/nofp/libg.a(lib_a-exit.o) (_exit)

Allocating common symbols
Common symbol       size              file

buffer              0xa               main.o

Memory Configuration

Name             Origin             Length             Attributes
MAIN_FLASH       0x0000000000000000 0x0000000000040000 xr
INFO_FLASH       0x0000000000200000 0x0000000000004000 xr
SRAM_CODE        0x0000000001000000 0x0000000000010000 xrw
SRAM_DATA        0x0000000020000000 0x0000000000010000 rw
*default*        0x0000000000000000 0xffffffffffffffff

Linker script and memory map

LOAD /usr/lib/gcc/arm-none-eabi/9.2.1/thumb/v7e-m/nofp/crti.o
LOAD /usr/lib/gcc/arm-none-eabi/9.2.1/thumb/v7e-m/nofp/crtbegin.o
LOAD /usr/lib/gcc/arm-none-eabi/9.2.1/../../../arm-none-eabi/lib/thumb/v7e-m/nofp/crt0.o
LOAD main.o
LOAD memory.o
LOAD interrupts_msp432p401r_gcc.o
LOAD startup_msp432p401r_gcc.o
LOAD system_msp432p401r.o
                0x0000000000000000                PROVIDE (_intvecs_base_address = DEFINED (_intvecs_base_address)?_intvecs_base_address:0x0)

.intvecs        0x0000000000000000      0x140
 *(.intvecs)
 .intvecs       0x0000000000000000      0x140 startup_msp432p401r_gcc.o
                0x0000000000000000                interruptVectors
                0x0000000000200000                PROVIDE (_mailbox_base_address = 0x200000)

.flashMailbox
 *(.flashMailbox)
                0x0000000000201000                PROVIDE (_tlv_base_address = 0x201000)

.tlvTable
 *(.tlvTable)
                0x0000000000202000                PROVIDE (_bsl_base_address = 0x202000)

.bslArea
 *(.bslArea)
                0x0000000020000000                PROVIDE (_vtable_base_address = DEFINED (_vtable_base_address)?_vtable_base_address:0x20000000)

.vtable
 *(.vtable)

.text           0x0000000000000140      0xed4
 CREATE_OBJECT_SYMBOLS
 *(.text)
 .text          0x0000000000000140        0x0 /usr/lib/gcc/arm-none-eabi/9.2.1/thumb/v7e-m/nofp/crti.o
 .text          0x0000000000000140       0x88 /usr/lib/gcc/arm-none-eabi/9.2.1/thumb/v7e-m/nofp/crtbegin.o
 .text          0x00000000000001c8       0x70 /usr/lib/gcc/arm-none-eabi/9.2.1/../../../arm-none-eabi/lib/thumb/v7e-m/nofp/crt0.o
                0x00000000000001c8                _stack_init
                0x00000000000001d0                _mainCRTStartup
                0x00000000000001d0                _start
 .text          0x0000000000000238       0xb4 main.o
                0x0000000000000238                main
 .text          0x00000000000002ec       0xae memory.o
                0x00000000000002ec                set_value
                0x000000000000030e                clear_value
                0x000000000000032a                get_value
                0x0000000000000346                set_all
                0x000000000000037e                clear_all
 .text          0x000000000000039a        0x0 interrupts_msp432p401r_gcc.o
 .text          0x000000000000039a        0x0 startup_msp432p401r_gcc.o
 *fill*         0x000000000000039a        0x2 
 .text          0x000000000000039c      0x38c system_msp432p401r.o
                0x000000000000039c                SystemCoreClockUpdate
                0x00000000000006c0                SystemInit
 .text          0x0000000000000728      0x168 /usr/lib/gcc/arm-none-eabi/9.2.1/thumb/v7e-m/nofp/libgcc.a(_arm_mulsf3.o)
 .text          0x0000000000000890      0x21c /usr/lib/gcc/arm-none-eabi/9.2.1/thumb/v7e-m/nofp/libgcc.a(_arm_addsubsf3.o)
                0x0000000000000890                __aeabi_frsub
                0x0000000000000898                __subsf3
                0x0000000000000898                __aeabi_fsub
                0x000000000000089c                __aeabi_fadd
                0x000000000000089c                __addsf3
                0x00000000000009fc                __aeabi_ui2f
                0x00000000000009fc                __floatunsisf
                0x0000000000000a04                __aeabi_i2f
                0x0000000000000a04                __floatsisf
                0x0000000000000a20                __floatundisf
                0x0000000000000a20                __aeabi_ul2f
                0x0000000000000a30                __floatdisf
                0x0000000000000a30                __aeabi_l2f
 .text          0x0000000000000aac      0x2a0 /usr/lib/gcc/arm-none-eabi/9.2.1/thumb/v7e-m/nofp/libgcc.a(_arm_muldivsf3.o)
                0x0000000000000aac                __mulsf3
                0x0000000000000aac                __aeabi_fmul
                0x0000000000000c14                __divsf3
                0x0000000000000c14                __aeabi_fdiv
 .text          0x0000000000000d4c       0x40 /usr/lib/gcc/arm-none-eabi/9.2.1/thumb/v7e-m/nofp/libgcc.a(_arm_fixunssfsi.o)
                0x0000000000000d4c                __aeabi_f2uiz
                0x0000000000000d4c                __fixunssfsi
 .text          0x0000000000000d8c        0xc /usr/lib/gcc/arm-none-eabi/9.2.1/../../../arm-none-eabi/lib/thumb/v7e-m/nofp/libg.a(lib_a-atexit.o)
                0x0000000000000d8c                atexit
 .text          0x0000000000000d98       0x20 /usr/lib/gcc/arm-none-eabi/9.2.1/../../../arm-none-eabi/lib/thumb/v7e-m/nofp/libg.a(lib_a-exit.o)
                0x0000000000000d98                exit
 .text          0x0000000000000db8       0x34 /usr/lib/gcc/arm-none-eabi/9.2.1/../../../arm-none-eabi/lib/thumb/v7e-m/nofp/libg.a(lib_a-fini.o)
                0x0000000000000db8                __libc_fini_array
 .text          0x0000000000000dec        0x0 /usr/lib/gcc/arm-none-eabi/9.2.1/../../../arm-none-eabi/lib/thumb/v7e-m/nofp/libg.a(lib_a-impure.o)
 .text          0x0000000000000dec       0x48 /usr/lib/gcc/arm-none-eabi/9.2.1/../../../arm-none-eabi/lib/thumb/v7e-m/nofp/libg.a(lib_a-init.o)
                0x0000000000000dec                __libc_init_array
 .text          0x0000000000000e34       0xa0 /usr/lib/gcc/arm-none-eabi/9.2.1/../../../arm-none-eabi/lib/thumb/v7e-m/nofp/libg.a(lib_a-memset.o)
                0x0000000000000e34                memset
 .text          0x0000000000000ed4       0x68 /usr/lib/gcc/arm-none-eabi/9.2.1/../../../arm-none-eabi/lib/thumb/v7e-m/nofp/libg.a(lib_a-__atexit.o)
                0x0000000000000ed4                __register_exitproc
 .text          0x0000000000000f3c       0x9c /usr/lib/gcc/arm-none-eabi/9.2.1/../../../arm-none-eabi/lib/thumb/v7e-m/nofp/libg.a(lib_a-__call_atexit.o)
                0x0000000000000f3c                __call_exitprocs
 .text          0x0000000000000fd8        0x4 /usr/lib/gcc/arm-none-eabi/9.2.1/../../../arm-none-eabi/lib/thumb/v7e-m/nofp/libnosys.a(_exit.o)
                0x0000000000000fd8                _exit
 .text          0x0000000000000fdc        0x0 /usr/lib/gcc/arm-none-eabi/9.2.1/thumb/v7e-m/nofp/crtend.o
 .text          0x0000000000000fdc        0x0 /usr/lib/gcc/arm-none-eabi/9.2.1/thumb/v7e-m/nofp/crtn.o
 *(.text.*)
 .text.startup  0x0000000000000fdc       0x14 /usr/lib/gcc/arm-none-eabi/9.2.1/../../../arm-none-eabi/lib/thumb/v7e-m/nofp/libg.a(lib_a-__call_atexit.o)
                0x0000000000000ff0                . = ALIGN (0x4)
 *(.ctors)
                0x0000000000000ff0                . = ALIGN (0x4)
 *(.dtors)
                0x0000000000000ff0                . = ALIGN (0x4)
                0x0000000000000ff0                __init_array_start = .
 *(.init_array*)
 .init_array    0x0000000000000ff0        0x4 /usr/lib/gcc/arm-none-eabi/9.2.1/thumb/v7e-m/nofp/crtbegin.o
 .init_array.00000
                0x0000000000000ff4        0x4 /usr/lib/gcc/arm-none-eabi/9.2.1/../../../arm-none-eabi/lib/thumb/v7e-m/nofp/libg.a(lib_a-__call_atexit.o)
                0x0000000000000ff8                __init_array_end = .
 *(.init)
 .init          0x0000000000000ff8        0x4 /usr/lib/gcc/arm-none-eabi/9.2.1/thumb/v7e-m/nofp/crti.o
                0x0000000000000ff8                _init
 .init          0x0000000000000ffc        0x8 /usr/lib/gcc/arm-none-eabi/9.2.1/thumb/v7e-m/nofp/crtn.o
 *(.fini*)
 .fini          0x0000000000001004        0x4 /usr/lib/gcc/arm-none-eabi/9.2.1/thumb/v7e-m/nofp/crti.o
                0x0000000000001004                _fini
 .fini_array    0x0000000000001008        0x4 /usr/lib/gcc/arm-none-eabi/9.2.1/thumb/v7e-m/nofp/crtbegin.o
 .fini          0x000000000000100c        0x8 /usr/lib/gcc/arm-none-eabi/9.2.1/thumb/v7e-m/nofp/crtn.o

.glue_7         0x0000000000001014        0x0
 .glue_7        0x0000000000001014        0x0 linker stubs

.glue_7t        0x0000000000001014        0x0
 .glue_7t       0x0000000000001014        0x0 linker stubs

.vfp11_veneer   0x0000000000001014        0x0
 .vfp11_veneer  0x0000000000001014        0x0 linker stubs

.v4_bx          0x0000000000001014        0x0
 .v4_bx         0x0000000000001014        0x0 linker stubs

.iplt           0x0000000000001014        0x0
 .iplt          0x0000000000001014        0x0 /usr/lib/gcc/arm-none-eabi/9.2.1/thumb/v7e-m/nofp/crtbegin.o

.text:Reset_Handler
                0x0000000000001014       0x6c
 .text:Reset_Handler
                0x0000000000001014       0x6c interrupts_msp432p401r_gcc.o
                0x0000000000001014                Reset_Handler

.text:NMI_Handler
                0x0000000000001080        0xe
 .text:NMI_Handler
                0x0000000000001080        0xe interrupts_msp432p401r_gcc.o
                0x0000000000001080                NMI_Handler

.text:HardFault_Handler
                0x000000000000108e        0xe
 .text:HardFault_Handler
                0x000000000000108e        0xe interrupts_msp432p401r_gcc.o
                0x000000000000108e                HardFault_Handler

.text:Default_Handler
                0x000000000000109c        0xe
 .text:Default_Handler
                0x000000000000109c        0xe interrupts_msp432p401r_gcc.o
                0x000000000000109c                CS_IRQHandler
                0x000000000000109c                DebugMon_Handler
                0x000000000000109c                AES256_IRQHandler
                0x000000000000109c                SysTick_Handler
                0x000000000000109c                PendSV_Handler
                0x000000000000109c                RTC_C_IRQHandler
                0x000000000000109c                PORT1_IRQHandler
                0x000000000000109c                FPU_IRQHandler
                0x000000000000109c                PORT2_IRQHandler
                0x000000000000109c                TA3_0_IRQHandler
                0x000000000000109c                UsageFault_Handler
                0x000000000000109c                DMA_INT3_IRQHandler
                0x000000000000109c                TA2_0_IRQHandler
                0x000000000000109c                DMA_INT1_IRQHandler
                0x000000000000109c                WDT_A_IRQHandler
                0x000000000000109c                TA2_N_IRQHandler
                0x000000000000109c                TA1_0_IRQHandler
                0x000000000000109c                PSS_IRQHandler
                0x000000000000109c                DMA_INT2_IRQHandler
                0x000000000000109c                EUSCIA3_IRQHandler
                0x000000000000109c                DMA_INT0_IRQHandler
                0x000000000000109c                PORT4_IRQHandler
                0x000000000000109c                PORT5_IRQHandler
                0x000000000000109c                EUSCIB0_IRQHandler
                0x000000000000109c                Default_Handler
                0x000000000000109c                T32_INTC_IRQHandler
                0x000000000000109c                TA3_N_IRQHandler
                0x000000000000109c                TA0_0_IRQHandler
                0x000000000000109c                EUSCIA2_IRQHandler
                0x000000000000109c                PORT6_IRQHandler
                0x000000000000109c                PORT3_IRQHandler
                0x000000000000109c                MemManage_Handler
                0x000000000000109c                SVC_Handler
                0x000000000000109c                TA1_N_IRQHandler
                0x000000000000109c                EUSCIA1_IRQHandler
                0x000000000000109c                COMP_E1_IRQHandler
                0x000000000000109c                EUSCIB2_IRQHandler
                0x000000000000109c                FLCTL_IRQHandler
                0x000000000000109c                EUSCIB3_IRQHandler
                0x000000000000109c                T32_INT1_IRQHandler
                0x000000000000109c                ADC14_IRQHandler
                0x000000000000109c                DMA_ERR_IRQHandler
                0x000000000000109c                EUSCIA0_IRQHandler
                0x000000000000109c                BusFault_Handler
                0x000000000000109c                PCM_IRQHandler
                0x000000000000109c                TA0_N_IRQHandler
                0x000000000000109c                COMP_E0_IRQHandler
                0x000000000000109c                EUSCIB1_IRQHandler
                0x000000000000109c                T32_INT2_IRQHandler

.rodata         0x00000000000010ac        0x4
 *(.rodata.*)
 .rodata        0x00000000000010ac        0x4 /usr/lib/gcc/arm-none-eabi/9.2.1/../../../arm-none-eabi/lib/thumb/v7e-m/nofp/libg.a(lib_a-impure.o)
                0x00000000000010ac                _global_impure_ptr

.eh_frame       0x00000000000010b0        0x4
 .eh_frame      0x00000000000010b0        0x0 /usr/lib/gcc/arm-none-eabi/9.2.1/thumb/v7e-m/nofp/crtbegin.o
 .eh_frame      0x00000000000010b0        0x4 /usr/lib/gcc/arm-none-eabi/9.2.1/thumb/v7e-m/nofp/crtend.o

.ARM.exidx      0x00000000000010b4        0x8
                0x00000000000010b4                __exidx_start = .
 *(.ARM.exidx* .gnu.linkonce.armexidx.*)
 .ARM.exidx     0x00000000000010b4        0x8 /usr/lib/gcc/arm-none-eabi/9.2.1/../../../arm-none-eabi/lib/thumb/v7e-m/nofp/crt0.o
                                         0x10 (size before relaxing)
                0x00000000000010bc                __exidx_end = .

.ARM.extab      0x00000000000010bc        0x0
 *(.ARM.extab* .gnu.linkonce.armextab.*)
 .ARM.extab     0x00000000000010bc        0x0 /usr/lib/gcc/arm-none-eabi/9.2.1/../../../arm-none-eabi/lib/thumb/v7e-m/nofp/crt0.o
                0x00000000000010bc                __etext = .

.rel.dyn        0x00000000000010bc        0x0
 .rel.iplt      0x00000000000010bc        0x0 /usr/lib/gcc/arm-none-eabi/9.2.1/thumb/v7e-m/nofp/crtbegin.o

.data           0x0000000020000000      0x438 load address 0x00000000000010bc
                0x00000000000010bc                __data_load__ = LOADADDR (.data)
                0x0000000020000000                __data_start__ = .
 *(.data)
 .data          0x0000000020000000        0x0 /usr/lib/gcc/arm-none-eabi/9.2.1/thumb/v7e-m/nofp/crti.o
 .data          0x0000000020000000        0x4 /usr/lib/gcc/arm-none-eabi/9.2.1/thumb/v7e-m/nofp/crtbegin.o
                0x0000000020000000                __dso_handle
 .data          0x0000000020000004        0x0 /usr/lib/gcc/arm-none-eabi/9.2.1/../../../arm-none-eabi/lib/thumb/v7e-m/nofp/crt0.o
 .data          0x0000000020000004        0x0 main.o
 .data          0x0000000020000004        0x0 memory.o
 .data          0x0000000020000004        0x0 interrupts_msp432p401r_gcc.o
 .data          0x0000000020000004        0x0 startup_msp432p401r_gcc.o
 .data          0x0000000020000004        0x4 system_msp432p401r.o
                0x0000000020000004                SystemCoreClock
 .data          0x0000000020000008        0x0 /usr/lib/gcc/arm-none-eabi/9.2.1/thumb/v7e-m/nofp/libgcc.a(_arm_mulsf3.o)
 .data          0x0000000020000008        0x0 /usr/lib/gcc/arm-none-eabi/9.2.1/thumb/v7e-m/nofp/libgcc.a(_arm_addsubsf3.o)
 .data          0x0000000020000008        0x0 /usr/lib/gcc/arm-none-eabi/9.2.1/thumb/v7e-m/nofp/libgcc.a(_arm_muldivsf3.o)
 .data          0x0000000020000008        0x0 /usr/lib/gcc/arm-none-eabi/9.2.1/thumb/v7e-m/nofp/libgcc.a(_arm_fixunssfsi.o)
 .data          0x0000000020000008        0x0 /usr/lib/gcc/arm-none-eabi/9.2.1/../../../arm-none-eabi/lib/thumb/v7e-m/nofp/libg.a(lib_a-atexit.o)
 .data          0x0000000020000008        0x0 /usr/lib/gcc/arm-none-eabi/9.2.1/../../../arm-none-eabi/lib/thumb/v7e-m/nofp/libg.a(lib_a-exit.o)
 .data          0x0000000020000008        0x0 /usr/lib/gcc/arm-none-eabi/9.2.1/../../../arm-none-eabi/lib/thumb/v7e-m/nofp/libg.a(lib_a-fini.o)
 .data          0x0000000020000008      0x430 /usr/lib/gcc/arm-none-eabi/9.2.1/../../../arm-none-eabi/lib/thumb/v7e-m/nofp/libg.a(lib_a-impure.o)
                0x0000000020000008                _impure_ptr
 .data          0x0000000020000438        0x0 /usr/lib/gcc/arm-none-eabi/9.2.1/../../../arm-none-eabi/lib/thumb/v7e-m/nofp/libg.a(lib_a-init.o)
 .data          0x0000000020000438        0x0 /usr/lib/gcc/arm-none-eabi/9.2.1/../../../arm-none-eabi/lib/thumb/v7e-m/nofp/libg.a(lib_a-memset.o)
 .data          0x0000000020000438        0x0 /usr/lib/gcc/arm-none-eabi/9.2.1/../../../arm-none-eabi/lib/thumb/v7e-m/nofp/libg.a(lib_a-__atexit.o)
 .data          0x0000000020000438        0x0 /usr/lib/gcc/arm-none-eabi/9.2.1/../../../arm-none-eabi/lib/thumb/v7e-m/nofp/libg.a(lib_a-__call_atexit.o)
 .data          0x0000000020000438        0x0 /usr/lib/gcc/arm-none-eabi/9.2.1/../../../arm-none-eabi/lib/thumb/v7e-m/nofp/libnosys.a(_exit.o)
 .data          0x0000000020000438        0x0 /usr/lib/gcc/arm-none-eabi/9.2.1/thumb/v7e-m/nofp/crtend.o
 .data          0x0000000020000438        0x0 /usr/lib/gcc/arm-none-eabi/9.2.1/thumb/v7e-m/nofp/crtn.o
 *(.data*)
                0x0000000020000438                . = ALIGN (0x4)
                0x0000000020000438                __data_end__ = .

.tm_clone_table
                0x0000000020000438        0x0 load address 0x00000000000014f4
 .tm_clone_table
                0x0000000020000438        0x0 /usr/lib/gcc/arm-none-eabi/9.2.1/thumb/v7e-m/nofp/crtbegin.o
 .tm_clone_table
                0x0000000020000438        0x0 /usr/lib/gcc/arm-none-eabi/9.2.1/thumb/v7e-m/nofp/crtend.o

.igot.plt       0x0000000020000438        0x0 load address 0x00000000000014f4
 .igot.plt      0x0000000020000438        0x0 /usr/lib/gcc/arm-none-eabi/9.2.1/thumb/v7e-m/nofp/crtbegin.o

.bss            0x0000000020000438       0x28
                0x0000000020000438                __bss_start__ = .
 *(.shbss)
 *(.bss)
 .bss           0x0000000020000438        0x0 /usr/lib/gcc/arm-none-eabi/9.2.1/thumb/v7e-m/nofp/crti.o
 .bss           0x0000000020000438       0x1c /usr/lib/gcc/arm-none-eabi/9.2.1/thumb/v7e-m/nofp/crtbegin.o
 .bss           0x0000000020000454        0x0 /usr/lib/gcc/arm-none-eabi/9.2.1/../../../arm-none-eabi/lib/thumb/v7e-m/nofp/crt0.o
 .bss           0x0000000020000454        0x0 main.o
 .bss           0x0000000020000454        0x0 memory.o
 .bss           0x0000000020000454        0x0 interrupts_msp432p401r_gcc.o
 .bss           0x0000000020000454        0x0 startup_msp432p401r_gcc.o
 .bss           0x0000000020000454        0x0 system_msp432p401r.o
 .bss           0x0000000020000454        0x0 /usr/lib/gcc/arm-none-eabi/9.2.1/thumb/v7e-m/nofp/libgcc.a(_arm_mulsf3.o)
 .bss           0x0000000020000454        0x0 /usr/lib/gcc/arm-none-eabi/9.2.1/thumb/v7e-m/nofp/libgcc.a(_arm_addsubsf3.o)
 .bss           0x0000000020000454        0x0 /usr/lib/gcc/arm-none-eabi/9.2.1/thumb/v7e-m/nofp/libgcc.a(_arm_muldivsf3.o)
 .bss           0x0000000020000454        0x0 /usr/lib/gcc/arm-none-eabi/9.2.1/thumb/v7e-m/nofp/libgcc.a(_arm_fixunssfsi.o)
 .bss           0x0000000020000454        0x0 /usr/lib/gcc/arm-none-eabi/9.2.1/../../../arm-none-eabi/lib/thumb/v7e-m/nofp/libg.a(lib_a-atexit.o)
 .bss           0x0000000020000454        0x0 /usr/lib/gcc/arm-none-eabi/9.2.1/../../../arm-none-eabi/lib/thumb/v7e-m/nofp/libg.a(lib_a-exit.o)
 .bss           0x0000000020000454        0x0 /usr/lib/gcc/arm-none-eabi/9.2.1/../../../arm-none-eabi/lib/thumb/v7e-m/nofp/libg.a(lib_a-fini.o)
 .bss           0x0000000020000454        0x0 /usr/lib/gcc/arm-none-eabi/9.2.1/../../../arm-none-eabi/lib/thumb/v7e-m/nofp/libg.a(lib_a-impure.o)
 .bss           0x0000000020000454        0x0 /usr/lib/gcc/arm-none-eabi/9.2.1/../../../arm-none-eabi/lib/thumb/v7e-m/nofp/libg.a(lib_a-init.o)
 .bss           0x0000000020000454        0x0 /usr/lib/gcc/arm-none-eabi/9.2.1/../../../arm-none-eabi/lib/thumb/v7e-m/nofp/libg.a(lib_a-memset.o)
 .bss           0x0000000020000454        0x0 /usr/lib/gcc/arm-none-eabi/9.2.1/../../../arm-none-eabi/lib/thumb/v7e-m/nofp/libg.a(lib_a-__atexit.o)
 .bss           0x0000000020000454        0x0 /usr/lib/gcc/arm-none-eabi/9.2.1/../../../arm-none-eabi/lib/thumb/v7e-m/nofp/libg.a(lib_a-__call_atexit.o)
 .bss           0x0000000020000454        0x0 /usr/lib/gcc/arm-none-eabi/9.2.1/../../../arm-none-eabi/lib/thumb/v7e-m/nofp/libnosys.a(_exit.o)
 .bss           0x0000000020000454        0x0 /usr/lib/gcc/arm-none-eabi/9.2.1/thumb/v7e-m/nofp/crtend.o
 .bss           0x0000000020000454        0x0 /usr/lib/gcc/arm-none-eabi/9.2.1/thumb/v7e-m/nofp/crtn.o
 *(.bss.*)
 *(COMMON)
 COMMON         0x0000000020000454        0xa main.o
                0x0000000020000454                buffer
                0x0000000020000460                . = ALIGN (0x4)
 *fill*         0x000000002000045e        0x2 
                0x0000000020000460                __bss_end__ = .

.heap           0x0000000020000460        0x0
                0x0000000020000460                __heap_start__ = .
                0x0000000020000460                end = __heap_start__
                0x0000000020000460                _end = end
                0x0000000020000460                __end = end
 *(.heap)
                0x0000000020000460                __heap_end__ = .
                0x0000000020000460                __HeapLimit = __heap_end__

.stack          0x0000000020000460        0x0
                0x0000000020000460                _stack = .
                0x0000000020000460                __stack = .
 *(.stack)
START GROUP
LOAD /usr/lib/gcc/arm-none-eabi/9.2.1/thumb/v7e-m/nofp/libgcc.a
LOAD /usr/lib/gcc/arm-none-eabi/9.2.1/../../../arm-none-eabi/lib/thumb/v7e-m/nofp/libg.a
LOAD /usr/lib/gcc/arm-none-eabi/9.2.1/../../../arm-none-eabi/lib/thumb/v7e-m/nofp/libc.a
END GROUP
START GROUP
LOAD /usr/lib/gcc/arm-none-eabi/9.2.1/thumb/v7e-m/nofp/libgcc.a
LOAD /usr/lib/gcc/arm-none-eabi/9.2.1/../../../arm-none-eabi/lib/thumb/v7e-m/nofp/libc.a
LOAD /usr/lib/gcc/arm-none-eabi/9.2.1/../../../arm-none-eabi/lib/thumb/v7e-m/nofp/libnosys.a
END GROUP
LOAD /usr/lib/gcc/arm-none-eabi/9.2.1/thumb/v7e-m/nofp/crtend.o
LOAD /usr/lib/gcc/arm-none-eabi/9.2.1/thumb/v7e-m/nofp/crtn.o
OUTPUT(c1m2.out elf32-littlearm)
LOAD linker stubs

.ARM.attributes
                0x0000000000000000       0x2e
 .ARM.attributes
                0x0000000000000000       0x1e /usr/lib/gcc/arm-none-eabi/9.2.1/thumb/v7e-m/nofp/crti.o
 .ARM.attributes
                0x000000000000001e       0x2e /usr/lib/gcc/arm-none-eabi/9.2.1/thumb/v7e-m/nofp/crtbegin.o
 .ARM.attributes
                0x000000000000004c       0x1c /usr/lib/gcc/arm-none-eabi/9.2.1/../../../arm-none-eabi/lib/thumb/v7e-m/nofp/crt0.o
 .ARM.attributes
                0x0000000000000068       0x2e main.o
 .ARM.attributes
                0x0000000000000096       0x2e memory.o
 .ARM.attributes
                0x00000000000000c4       0x2e interrupts_msp432p401r_gcc.o
 .ARM.attributes
                0x00000000000000f2       0x37 startup_msp432p401r_gcc.o
 .ARM.attributes
                0x0000000000000129       0x2e system_msp432p401r.o
 .ARM.attributes
                0x0000000000000157       0x1e /usr/lib/gcc/arm-none-eabi/9.2.1/thumb/v7e-m/nofp/libgcc.a(_arm_mulsf3.o)
 .ARM.attributes
                0x0000000000000175       0x1e /usr/lib/gcc/arm-none-eabi/9.2.1/thumb/v7e-m/nofp/libgcc.a(_arm_addsubsf3.o)
 .ARM.attributes
                0x0000000000000193       0x1e /usr/lib/gcc/arm-none-eabi/9.2.1/thumb/v7e-m/nofp/libgcc.a(_arm_muldivsf3.o)
 .ARM.attributes
                0x00000000000001b1       0x1e /usr/lib/gcc/arm-none-eabi/9.2.1/thumb/v7e-m/nofp/libgcc.a(_arm_fixunssfsi.o)
 .ARM.attributes
                0x00000000000001cf       0x2e /usr/lib/gcc/arm-none-eabi/9.2.1/../../../arm-none-eabi/lib/thumb/v7e-m/nofp/libg.a(lib_a-atexit.o)
 .ARM.attributes
                0x00000000000001fd       0x2e /usr/lib/gcc/arm-none-eabi/9.2.1/../../../arm-none-eabi/lib/thumb/v7e-m/nofp/libg.a(lib_a-exit.o)
 .ARM.attributes
                0x000000000000022b       0x2e /usr/lib/gcc/arm-none-eabi/9.2.1/../../../arm-none-eabi/lib/thumb/v7e-m/nofp/libg.a(lib_a-fini.o)
 .ARM.attributes
                0x0000000000000259       0x2e /usr/lib/gcc/arm-none-eabi/9.2.1/../../../arm-none-eabi/lib/thumb/v7e-m/nofp/libg.a(lib_a-impure.o)
 .ARM.attributes
                0x0000000000000287       0x2e /usr/lib/gcc/arm-none-eabi/9.2.1/../../../arm-none-eabi/lib/thumb/v7e-m/nofp/libg.a(lib_a-init.o)
 .ARM.attributes
                0x00000000000002b5       0x2e /usr/lib/gcc/arm-none-eabi/9.2.1/../../../arm-none-eabi/lib/thumb/v7e-m/nofp/libg.a(lib_a-memset.o)
 .ARM.attributes
                0x00000000000002e3       0x2e /usr/lib/gcc/arm-none-eabi/9.2.1/../../../arm-none-eabi/lib/thumb/v7e-m/nofp/libg.a(lib_a-__atexit.o)
 .ARM.attributes
                0x0000000000000311       0x2e /usr/lib/gcc/arm-none-eabi/9.2.1/../../../arm-none-eabi/lib/thumb/v7e-m/nofp/libg.a(lib_a-__call_atexit.o)
 .ARM.attributes
                0x000000000000033f       0x2e /usr/lib/gcc/arm-none-eabi/9.2.1/../../../arm-none-eabi/lib/thumb/v7e-m/nofp/libnosys.a(_exit.o)
 .ARM.attributes
                0x000000000000036d       0x2e /usr/lib/gcc/arm-none-eabi/9.2.1/thumb/v7e-m/nofp/crtend.o
 .ARM.attributes
                0x000000000000039b       0x1e /usr/lib/gcc/arm-none-eabi/9.2.1/thumb/v7e-m/nofp/crtn.o

.comment        0x0000000000000000       0xa7
 .comment       0x0000000000000000       0x59 /usr/lib/gcc/arm-none-eabi/9.2.1/thumb/v7e-m/nofp/crtbegin.o
                                         0x5a (size before relaxing)
 .comment       0x0000000000000059       0x5a main.o
 .comment       0x0000000000000059       0x5a memory.o
 .comment       0x0000000000000059       0x5a interrupts_msp432p401r_gcc.o
 .comment       0x0000000000000059       0x5a startup_msp432p401r_gcc.o
 .comment       0x0000000000000059       0x5a system_msp432p401r.o
 .comment       0x0000000000000059       0x4e /usr/lib/gcc/arm-none-eabi/9.2.1/../../../arm-none-eabi/lib/thumb/v7e-m/nofp/libg.a(lib_a-atexit.o)
                                         0x4f (size before relaxing)
 .comment       0x00000000000000a7       0x4f /usr/lib/gcc/arm-none-eabi/9.2.1/../../../arm-none-eabi/lib/thumb/v7e-m/nofp/libg.a(lib_a-exit.o)
 .comment       0x00000000000000a7       0x4f /usr/lib/gcc/arm-none-eabi/9.2.1/../../../arm-none-eabi/lib/thumb/v7e-m/nofp/libg.a(lib_a-fini.o)
 .comment       0x00000000000000a7       0x4f /usr/lib/gcc/arm-none-eabi/9.2.1/../../../arm-none-eabi/lib/thumb/v7e-m/nofp/libg.a(lib_a-impure.o)
 .comment       0x00000000000000a7       0x4f /usr/lib/gcc/arm-none-eabi/9.2.1/../../../arm-none-eabi/lib/thumb/v7e-m/nofp/libg.a(lib_a-init.o)
 .comment       0x00000000000000a7       0x4f /usr/lib/gcc/arm-none-eabi/9.2.1/../../../arm-none-eabi/lib/thumb/v7e-m/nofp/libg.a(lib_a-memset.o)
 .comment       0x00000000000000a7       0x4f /usr/lib/gcc/arm-none-eabi/9.2.1/../../../arm-none-eabi/lib/thumb/v7e-m/nofp/libg.a(lib_a-__atexit.o)
 .comment       0x00000000000000a7       0x4f /usr/lib/gcc/arm-none-eabi/9.2.1/../../../arm-none-eabi/lib/thumb/v7e-m/nofp/libg.a(lib_a-__call_atexit.o)
 .comment       0x00000000000000a7       0x4f /usr/lib/gcc/arm-none-eabi/9.2.1/../../../arm-none-eabi/lib/thumb/v7e-m/nofp/libnosys.a(_exit.o)
 .comment       0x00000000000000a7       0x5a /usr/lib/gcc/arm-none-eabi/9.2.1/thumb/v7e-m/nofp/crtend.o

.debug_line     0x0000000000000000     0x15f9
 .debug_line    0x0000000000000000       0x87 /usr/lib/gcc/arm-none-eabi/9.2.1/../../../arm-none-eabi/lib/thumb/v7e-m/nofp/crt0.o
 .debug_line    0x0000000000000087       0xe6 main.o
 .debug_line    0x000000000000016d       0x7f memory.o
 .debug_line    0x00000000000001ec       0xf6 interrupts_msp432p401r_gcc.o
 .debug_line    0x00000000000002e2       0x6f startup_msp432p401r_gcc.o
 .debug_line    0x0000000000000351      0x290 system_msp432p401r.o
 .debug_line    0x00000000000005e1       0xd4 /usr/lib/gcc/arm-none-eabi/9.2.1/thumb/v7e-m/nofp/libgcc.a(_arm_mulsf3.o)
 .debug_line    0x00000000000006b5      0x11a /usr/lib/gcc/arm-none-eabi/9.2.1/thumb/v7e-m/nofp/libgcc.a(_arm_addsubsf3.o)
 .debug_line    0x00000000000007cf      0x13a /usr/lib/gcc/arm-none-eabi/9.2.1/thumb/v7e-m/nofp/libgcc.a(_arm_muldivsf3.o)
 .debug_line    0x0000000000000909       0x75 /usr/lib/gcc/arm-none-eabi/9.2.1/thumb/v7e-m/nofp/libgcc.a(_arm_fixunssfsi.o)
 .debug_line    0x000000000000097e      0x14a /usr/lib/gcc/arm-none-eabi/9.2.1/../../../arm-none-eabi/lib/thumb/v7e-m/nofp/libg.a(lib_a-atexit.o)
 .debug_line    0x0000000000000ac8      0x178 /usr/lib/gcc/arm-none-eabi/9.2.1/../../../arm-none-eabi/lib/thumb/v7e-m/nofp/libg.a(lib_a-exit.o)
 .debug_line    0x0000000000000c40       0xd7 /usr/lib/gcc/arm-none-eabi/9.2.1/../../../arm-none-eabi/lib/thumb/v7e-m/nofp/libg.a(lib_a-fini.o)
 .debug_line    0x0000000000000d17       0xe3 /usr/lib/gcc/arm-none-eabi/9.2.1/../../../arm-none-eabi/lib/thumb/v7e-m/nofp/libg.a(lib_a-impure.o)
 .debug_line    0x0000000000000dfa      0x10d /usr/lib/gcc/arm-none-eabi/9.2.1/../../../arm-none-eabi/lib/thumb/v7e-m/nofp/libg.a(lib_a-init.o)
 .debug_line    0x0000000000000f07      0x26b /usr/lib/gcc/arm-none-eabi/9.2.1/../../../arm-none-eabi/lib/thumb/v7e-m/nofp/libg.a(lib_a-memset.o)
 .debug_line    0x0000000000001172      0x1e1 /usr/lib/gcc/arm-none-eabi/9.2.1/../../../arm-none-eabi/lib/thumb/v7e-m/nofp/libg.a(lib_a-__atexit.o)
 .debug_line    0x0000000000001353      0x238 /usr/lib/gcc/arm-none-eabi/9.2.1/../../../arm-none-eabi/lib/thumb/v7e-m/nofp/libg.a(lib_a-__call_atexit.o)
 .debug_line    0x000000000000158b       0x6e /usr/lib/gcc/arm-none-eabi/9.2.1/../../../arm-none-eabi/lib/thumb/v7e-m/nofp/libnosys.a(_exit.o)

.debug_info     0x0000000000000000     0x5375
 .debug_info    0x0000000000000000       0x26 /usr/lib/gcc/arm-none-eabi/9.2.1/../../../arm-none-eabi/lib/thumb/v7e-m/nofp/crt0.o
 .debug_info    0x0000000000000026       0xfe main.o
 .debug_info    0x0000000000000124      0x16e memory.o
 .debug_info    0x0000000000000292      0x10d interrupts_msp432p401r_gcc.o
 .debug_info    0x000000000000039f       0xa3 startup_msp432p401r_gcc.o
 .debug_info    0x0000000000000442      0xc01 system_msp432p401r.o
 .debug_info    0x0000000000001043       0x26 /usr/lib/gcc/arm-none-eabi/9.2.1/thumb/v7e-m/nofp/libgcc.a(_arm_mulsf3.o)
 .debug_info    0x0000000000001069       0x26 /usr/lib/gcc/arm-none-eabi/9.2.1/thumb/v7e-m/nofp/libgcc.a(_arm_addsubsf3.o)
 .debug_info    0x000000000000108f       0x26 /usr/lib/gcc/arm-none-eabi/9.2.1/thumb/v7e-m/nofp/libgcc.a(_arm_muldivsf3.o)
 .debug_info    0x00000000000010b5       0x26 /usr/lib/gcc/arm-none-eabi/9.2.1/thumb/v7e-m/nofp/libgcc.a(_arm_fixunssfsi.o)
 .debug_info    0x00000000000010db      0x995 /usr/lib/gcc/arm-none-eabi/9.2.1/../../../arm-none-eabi/lib/thumb/v7e-m/nofp/libg.a(lib_a-atexit.o)
 .debug_info    0x0000000000001a70      0x9d0 /usr/lib/gcc/arm-none-eabi/9.2.1/../../../arm-none-eabi/lib/thumb/v7e-m/nofp/libg.a(lib_a-exit.o)
 .debug_info    0x0000000000002440      0x102 /usr/lib/gcc/arm-none-eabi/9.2.1/../../../arm-none-eabi/lib/thumb/v7e-m/nofp/libg.a(lib_a-fini.o)
 .debug_info    0x0000000000002542      0x92a /usr/lib/gcc/arm-none-eabi/9.2.1/../../../arm-none-eabi/lib/thumb/v7e-m/nofp/libg.a(lib_a-impure.o)
 .debug_info    0x0000000000002e6c      0x11a /usr/lib/gcc/arm-none-eabi/9.2.1/../../../arm-none-eabi/lib/thumb/v7e-m/nofp/libg.a(lib_a-init.o)
 .debug_info    0x0000000000002f86      0xf21 /usr/lib/gcc/arm-none-eabi/9.2.1/../../../arm-none-eabi/lib/thumb/v7e-m/nofp/libg.a(lib_a-memset.o)
 .debug_info    0x0000000000003ea7      0x9d5 /usr/lib/gcc/arm-none-eabi/9.2.1/../../../arm-none-eabi/lib/thumb/v7e-m/nofp/libg.a(lib_a-__atexit.o)
 .debug_info    0x000000000000487c      0xa56 /usr/lib/gcc/arm-none-eabi/9.2.1/../../../arm-none-eabi/lib/thumb/v7e-m/nofp/libg.a(lib_a-__call_atexit.o)
 .debug_info    0x00000000000052d2       0xa3 /usr/lib/gcc/arm-none-eabi/9.2.1/../../../arm-none-eabi/lib/thumb/v7e-m/nofp/libnosys.a(_exit.o)

.debug_abbrev   0x0000000000000000     0x1347
 .debug_abbrev  0x0000000000000000       0x14 /usr/lib/gcc/arm-none-eabi/9.2.1/../../../arm-none-eabi/lib/thumb/v7e-m/nofp/crt0.o
 .debug_abbrev  0x0000000000000014       0xc9 main.o
 .debug_abbrev  0x00000000000000dd       0xaf memory.o
 .debug_abbrev  0x000000000000018c       0x9c interrupts_msp432p401r_gcc.o
 .debug_abbrev  0x0000000000000228       0x71 startup_msp432p401r_gcc.o
 .debug_abbrev  0x0000000000000299      0x135 system_msp432p401r.o
 .debug_abbrev  0x00000000000003ce       0x14 /usr/lib/gcc/arm-none-eabi/9.2.1/thumb/v7e-m/nofp/libgcc.a(_arm_mulsf3.o)
 .debug_abbrev  0x00000000000003e2       0x14 /usr/lib/gcc/arm-none-eabi/9.2.1/thumb/v7e-m/nofp/libgcc.a(_arm_addsubsf3.o)
 .debug_abbrev  0x00000000000003f6       0x14 /usr/lib/gcc/arm-none-eabi/9.2.1/thumb/v7e-m/nofp/libgcc.a(_arm_muldivsf3.o)
 .debug_abbrev  0x000000000000040a       0x14 /usr/lib/gcc/arm-none-eabi/9.2.1/thumb/v7e-m/nofp/libgcc.a(_arm_fixunssfsi.o)
 .debug_abbrev  0x000000000000041e      0x232 /usr/lib/gcc/arm-none-eabi/9.2.1/../../../arm-none-eabi/lib/thumb/v7e-m/nofp/libg.a(lib_a-atexit.o)
 .debug_abbrev  0x0000000000000650      0x21f /usr/lib/gcc/arm-none-eabi/9.2.1/../../../arm-none-eabi/lib/thumb/v7e-m/nofp/libg.a(lib_a-exit.o)
 .debug_abbrev  0x000000000000086f       0xcf /usr/lib/gcc/arm-none-eabi/9.2.1/../../../arm-none-eabi/lib/thumb/v7e-m/nofp/libg.a(lib_a-fini.o)
 .debug_abbrev  0x000000000000093e      0x1b8 /usr/lib/gcc/arm-none-eabi/9.2.1/../../../arm-none-eabi/lib/thumb/v7e-m/nofp/libg.a(lib_a-impure.o)
 .debug_abbrev  0x0000000000000af6       0xcc /usr/lib/gcc/arm-none-eabi/9.2.1/../../../arm-none-eabi/lib/thumb/v7e-m/nofp/libg.a(lib_a-init.o)
 .debug_abbrev  0x0000000000000bc2      0x217 /usr/lib/gcc/arm-none-eabi/9.2.1/../../../arm-none-eabi/lib/thumb/v7e-m/nofp/libg.a(lib_a-memset.o)
 .debug_abbrev  0x0000000000000dd9      0x252 /usr/lib/gcc/arm-none-eabi/9.2.1/../../../arm-none-eabi/lib/thumb/v7e-m/nofp/libg.a(lib_a-__atexit.o)
 .debug_abbrev  0x000000000000102b      0x2b2 /usr/lib/gcc/arm-none-eabi/9.2.1/../../../arm-none-eabi/lib/thumb/v7e-m/nofp/libg.a(lib_a-__call_atexit.o)
 .debug_abbrev  0x00000000000012dd       0x6a /usr/lib/gcc/arm-none-eabi/9.2.1/../../../arm-none-eabi/lib/thumb/v7e-m/nofp/libnosys.a(_exit.o)

.debug_aranges  0x0000000000000000      0x270
 .debug_aranges
                0x0000000000000000       0x20 /usr/lib/gcc/arm-none-eabi/9.2.1/../../../arm-none-eabi/lib/thumb/v7e-m/nofp/crt0.o
 .debug_aranges
                0x0000000000000020       0x20 main.o
 .debug_aranges
                0x0000000000000040       0x20 memory.o
 .debug_aranges
                0x0000000000000060       0x38 interrupts_msp432p401r_gcc.o
 .debug_aranges
                0x0000000000000098       0x18 startup_msp432p401r_gcc.o
 .debug_aranges
                0x00000000000000b0       0x20 system_msp432p401r.o
 .debug_aranges
                0x00000000000000d0       0x20 /usr/lib/gcc/arm-none-eabi/9.2.1/thumb/v7e-m/nofp/libgcc.a(_arm_mulsf3.o)
 .debug_aranges
                0x00000000000000f0       0x20 /usr/lib/gcc/arm-none-eabi/9.2.1/thumb/v7e-m/nofp/libgcc.a(_arm_addsubsf3.o)
 .debug_aranges
                0x0000000000000110       0x20 /usr/lib/gcc/arm-none-eabi/9.2.1/thumb/v7e-m/nofp/libgcc.a(_arm_muldivsf3.o)
 .debug_aranges
                0x0000000000000130       0x20 /usr/lib/gcc/arm-none-eabi/9.2.1/thumb/v7e-m/nofp/libgcc.a(_arm_fixunssfsi.o)
 .debug_aranges
                0x0000000000000150       0x20 /usr/lib/gcc/arm-none-eabi/9.2.1/../../../arm-none-eabi/lib/thumb/v7e-m/nofp/libg.a(lib_a-atexit.o)
 .debug_aranges
                0x0000000000000170       0x20 /usr/lib/gcc/arm-none-eabi/9.2.1/../../../arm-none-eabi/lib/thumb/v7e-m/nofp/libg.a(lib_a-exit.o)
 .debug_aranges
                0x0000000000000190       0x20 /usr/lib/gcc/arm-none-eabi/9.2.1/../../../arm-none-eabi/lib/thumb/v7e-m/nofp/libg.a(lib_a-fini.o)
 .debug_aranges
                0x00000000000001b0       0x18 /usr/lib/gcc/arm-none-eabi/9.2.1/../../../arm-none-eabi/lib/thumb/v7e-m/nofp/libg.a(lib_a-impure.o)
 .debug_aranges
                0x00000000000001c8       0x20 /usr/lib/gcc/arm-none-eabi/9.2.1/../../../arm-none-eabi/lib/thumb/v7e-m/nofp/libg.a(lib_a-init.o)
 .debug_aranges
                0x00000000000001e8       0x20 /usr/lib/gcc/arm-none-eabi/9.2.1/../../../arm-none-eabi/lib/thumb/v7e-m/nofp/libg.a(lib_a-memset.o)
 .debug_aranges
                0x0000000000000208       0x20 /usr/lib/gcc/arm-none-eabi/9.2.1/../../../arm-none-eabi/lib/thumb/v7e-m/nofp/libg.a(lib_a-__atexit.o)
 .debug_aranges
                0x0000000000000228       0x28 /usr/lib/gcc/arm-none-eabi/9.2.1/../../../arm-none-eabi/lib/thumb/v7e-m/nofp/libg.a(lib_a-__call_atexit.o)
 .debug_aranges
                0x0000000000000250       0x20 /usr/lib/gcc/arm-none-eabi/9.2.1/../../../arm-none-eabi/lib/thumb/v7e-m/nofp/libnosys.a(_exit.o)

.debug_str      0x0000000000000000     0x1836
 .debug_str     0x0000000000000000       0x95 /usr/lib/gcc/arm-none-eabi/9.2.1/../../../arm-none-eabi/lib/thumb/v7e-m/nofp/crt0.o
 .debug_str     0x0000000000000095      0x14a main.o
                                        0x191 (size before relaxing)
 .debug_str     0x00000000000001df       0x41 memory.o
                                        0x11f (size before relaxing)
 .debug_str     0x0000000000000220       0x96 interrupts_msp432p401r_gcc.o
                                        0x1e4 (size before relaxing)
 .debug_str     0x00000000000002b6       0x2b startup_msp432p401r_gcc.o
                                        0x179 (size before relaxing)
 .debug_str     0x00000000000002e1      0x86e system_msp432p401r.o
                                        0x9fb (size before relaxing)
 .debug_str     0x0000000000000b4f       0x99 /usr/lib/gcc/arm-none-eabi/9.2.1/thumb/v7e-m/nofp/libgcc.a(_arm_mulsf3.o)
                                         0xa5 (size before relaxing)
 .debug_str     0x0000000000000be8       0xa5 /usr/lib/gcc/arm-none-eabi/9.2.1/thumb/v7e-m/nofp/libgcc.a(_arm_addsubsf3.o)
 .debug_str     0x0000000000000be8       0xa5 /usr/lib/gcc/arm-none-eabi/9.2.1/thumb/v7e-m/nofp/libgcc.a(_arm_muldivsf3.o)
 .debug_str     0x0000000000000be8       0xa5 /usr/lib/gcc/arm-none-eabi/9.2.1/thumb/v7e-m/nofp/libgcc.a(_arm_fixunssfsi.o)
 .debug_str     0x0000000000000be8      0x520 /usr/lib/gcc/arm-none-eabi/9.2.1/../../../arm-none-eabi/lib/thumb/v7e-m/nofp/libg.a(lib_a-atexit.o)
                                        0x5e5 (size before relaxing)
 .debug_str     0x0000000000001108       0x74 /usr/lib/gcc/arm-none-eabi/9.2.1/../../../arm-none-eabi/lib/thumb/v7e-m/nofp/libg.a(lib_a-exit.o)
                                        0x5e6 (size before relaxing)
 .debug_str     0x000000000000117c       0xc5 /usr/lib/gcc/arm-none-eabi/9.2.1/../../../arm-none-eabi/lib/thumb/v7e-m/nofp/libg.a(lib_a-fini.o)
                                        0x1f4 (size before relaxing)
 .debug_str     0x0000000000001241       0x98 /usr/lib/gcc/arm-none-eabi/9.2.1/../../../arm-none-eabi/lib/thumb/v7e-m/nofp/libg.a(lib_a-impure.o)
                                        0x59a (size before relaxing)
 .debug_str     0x00000000000012d9       0x96 /usr/lib/gcc/arm-none-eabi/9.2.1/../../../arm-none-eabi/lib/thumb/v7e-m/nofp/libg.a(lib_a-init.o)
                                        0x21e (size before relaxing)
 .debug_str     0x000000000000136f      0x30d /usr/lib/gcc/arm-none-eabi/9.2.1/../../../arm-none-eabi/lib/thumb/v7e-m/nofp/libg.a(lib_a-memset.o)
                                        0x8c7 (size before relaxing)
 .debug_str     0x000000000000167c       0x54 /usr/lib/gcc/arm-none-eabi/9.2.1/../../../arm-none-eabi/lib/thumb/v7e-m/nofp/libg.a(lib_a-__atexit.o)
                                        0x603 (size before relaxing)
 .debug_str     0x00000000000016d0       0x63 /usr/lib/gcc/arm-none-eabi/9.2.1/../../../arm-none-eabi/lib/thumb/v7e-m/nofp/libg.a(lib_a-__call_atexit.o)
                                        0x616 (size before relaxing)
 .debug_str     0x0000000000001733      0x103 /usr/lib/gcc/arm-none-eabi/9.2.1/../../../arm-none-eabi/lib/thumb/v7e-m/nofp/libnosys.a(_exit.o)
                                        0x199 (size before relaxing)

.debug_frame    0x0000000000000000      0x450
 .debug_frame   0x0000000000000000       0x34 main.o
 .debug_frame   0x0000000000000034       0xcc memory.o
 .debug_frame   0x0000000000000100       0xa0 interrupts_msp432p401r_gcc.o
 .debug_frame   0x00000000000001a0       0x5c system_msp432p401r.o
 .debug_frame   0x00000000000001fc       0x24 /usr/lib/gcc/arm-none-eabi/9.2.1/thumb/v7e-m/nofp/libgcc.a(_arm_mulsf3.o)
 .debug_frame   0x0000000000000220       0x4c /usr/lib/gcc/arm-none-eabi/9.2.1/thumb/v7e-m/nofp/libgcc.a(_arm_addsubsf3.o)
 .debug_frame   0x000000000000026c       0x38 /usr/lib/gcc/arm-none-eabi/9.2.1/thumb/v7e-m/nofp/libgcc.a(_arm_muldivsf3.o)
 .debug_frame   0x00000000000002a4       0x24 /usr/lib/gcc/arm-none-eabi/9.2.1/thumb/v7e-m/nofp/libgcc.a(_arm_fixunssfsi.o)
 .debug_frame   0x00000000000002c8       0x20 /usr/lib/gcc/arm-none-eabi/9.2.1/../../../arm-none-eabi/lib/thumb/v7e-m/nofp/libg.a(lib_a-atexit.o)
 .debug_frame   0x00000000000002e8       0x28 /usr/lib/gcc/arm-none-eabi/9.2.1/../../../arm-none-eabi/lib/thumb/v7e-m/nofp/libg.a(lib_a-exit.o)
 .debug_frame   0x0000000000000310       0x34 /usr/lib/gcc/arm-none-eabi/9.2.1/../../../arm-none-eabi/lib/thumb/v7e-m/nofp/libg.a(lib_a-fini.o)
 .debug_frame   0x0000000000000344       0x2c /usr/lib/gcc/arm-none-eabi/9.2.1/../../../arm-none-eabi/lib/thumb/v7e-m/nofp/libg.a(lib_a-init.o)
 .debug_frame   0x0000000000000370       0x38 /usr/lib/gcc/arm-none-eabi/9.2.1/../../../arm-none-eabi/lib/thumb/v7e-m/nofp/libg.a(lib_a-memset.o)
 .debug_frame   0x00000000000003a8       0x38 /usr/lib/gcc/arm-none-eabi/9.2.1/../../../arm-none-eabi/lib/thumb/v7e-m/nofp/libg.a(lib_a-__atexit.o)
 .debug_frame   0x00000000000003e0       0x50 /usr/lib/gcc/arm-none-eabi/9.2.1/../../../arm-none-eabi/lib/thumb/v7e-m/nofp/libg.a(lib_a-__call_atexit.o)
 .debug_frame   0x0000000000000430       0x20 /usr/lib/gcc/arm-none-eabi/9.2.1/../../../arm-none-eabi/lib/thumb/v7e-m/nofp/libnosys.a(_exit.o)

.debug_ranges   0x0000000000000000       0x60
 .debug_ranges  0x0000000000000000       0x28 interrupts_msp432p401r_gcc.o
 .debug_ranges  0x0000000000000028       0x38 /usr/lib/gcc/arm-none-eabi/9.2.1/../../../arm-none-eabi/lib/thumb/v7e-m/nofp/libg.a(lib_a-__call_atexit.o)

.debug_loc      0x0000000000000000      0x63e
 .debug_loc     0x0000000000000000       0x32 /usr/lib/gcc/arm-none-eabi/9.2.1/../../../arm-none-eabi/lib/thumb/v7e-m/nofp/libg.a(lib_a-atexit.o)
 .debug_loc     0x0000000000000032       0x22 /usr/lib/gcc/arm-none-eabi/9.2.1/../../../arm-none-eabi/lib/thumb/v7e-m/nofp/libg.a(lib_a-exit.o)
 .debug_loc     0x0000000000000054       0x68 /usr/lib/gcc/arm-none-eabi/9.2.1/../../../arm-none-eabi/lib/thumb/v7e-m/nofp/libg.a(lib_a-fini.o)
 .debug_loc     0x00000000000000bc       0xba /usr/lib/gcc/arm-none-eabi/9.2.1/../../../arm-none-eabi/lib/thumb/v7e-m/nofp/libg.a(lib_a-init.o)
 .debug_loc     0x0000000000000176      0x231 /usr/lib/gcc/arm-none-eabi/9.2.1/../../../arm-none-eabi/lib/thumb/v7e-m/nofp/libg.a(lib_a-memset.o)
 .debug_loc     0x00000000000003a7      0x138 /usr/lib/gcc/arm-none-eabi/9.2.1/../../../arm-none-eabi/lib/thumb/v7e-m/nofp/libg.a(lib_a-__atexit.o)
 .debug_loc     0x00000000000004df      0x14a /usr/lib/gcc/arm-none-eabi/9.2.1/../../../arm-none-eabi/lib/thumb/v7e-m/nofp/libg.a(lib_a-__call_atexit.o)
 .debug_loc     0x0000000000000629       0x15 /usr/lib/gcc/arm-none-eabi/9.2.1/../../../arm-none-eabi/lib/thumb/v7e-m/nofp/libnosys.a(_exit.o)
